{"email":"yasirsaleem1183@gmail.com","level":"info","message":"User logged in successfully.","service":"ucollyx-backend","timestamp":"2026-08-14 11:57:38"}
{"email":"hllomr.747819@gmail.com","level":"info","message":"User logged in successfully.","service":"ucollyx-backend","timestamp":"2026-08-14 12:24:34"}
{"level":"error","message":"Someone attempted to login with invalid credentials.","service":"ucollyx-backend","timestamp":"2026-08-14 12:25:00"}
{"level":"error","message":"Someone attempted to login with invalid credentials.","service":"ucollyx-backend","timestamp":"2026-08-14 12:25:08"}
{"level":"error","message":"Someone attempted to login with invalid credentials.","service":"ucollyx-backend","timestamp":"2026-08-14 12:32:36"}
{"level":"error","message":"Someone attempted to login with invalid credentials.","service":"ucollyx-backend","timestamp":"2026-08-14 12:32:46"}
{"email":"hllomr.747819@gmail.com","level":"error","message":"is Disabled, and cannot have access","service":"ucollyx-backend","timestamp":"2026-08-14 12:40:40"}
{"email":"hllomr.747819@gmail.com","level":"error","message":"is Disabled, and cannot have access","service":"ucollyx-backend","timestamp":"2026-08-14 12:41:00"}
{"email":"hllomr.747819@gmail.com","level":"error","message":"is Disabled, and cannot have access","service":"ucollyx-backend","timestamp":"2026-08-14 12:42:04"}
{"email":"hllomr.747819@gmail.com","level":"error","message":"is Disabled, and cannot have access","service":"ucollyx-backend","timestamp":"2026-08-14 12:42:05"}
{"email":"hllomr.747819@gmail.com","level":"error","message":"is Disabled, and cannot have access","service":"ucollyx-backend","timestamp":"2026-08-14 12:42:06"}
{"email":"hllomr.747819@gmail.com","level":"error","message":"is Disabled, and cannot have access","service":"ucollyx-backend","timestamp":"2026-08-14 12:42:18"}
{"email":"hllomr.747819@gmail.com","level":"error","message":"is Disabled, and cannot have access","service":"ucollyx-backend","timestamp":"2026-08-14 12:42:18"}
{"email":"hllomr.747819@gmail.com","level":"error","message":"is Disabled, and cannot have access","service":"ucollyx-backend","timestamp":"2026-08-14 12:42:19"}
{"email":"hllomr.747819@gmail.com","level":"error","message":"is disabled, and cannot have access","service":"ucollyx-backend","timestamp":"2026-08-14 12:47:42"}
{"email":"hllomr.747819@gmail.com","level":"info","message":"attempting to login.","service":"ucollyx-backend","timestamp":"2026-08-14 12:47:58"}
{"email":"hllomr.747819@gmail.com","level":"info","message":"logged in successfully.","service":"ucollyx-backend","timestamp":"2026-08-14 12:47:58"}
{"email":"hllomr.747819@gmail.com","level":"info","message":"attempting to login at 2026-08-14T07:49:26.868Z","service":"ucollyx-backend","timestamp":"2026-08-14 12:49:26"}
{"email":"hllomr.747819@gmail.com","level":"info","message":"logged in successfully at 2026-08-14T07:49:26.893Z","service":"ucollyx-backend","timestamp":"2026-08-14 12:49:26"}
{"email":"yasirsaleem1183@gmail.com","level":"info","message":"attempting to login at 2026-08-14T08:06:31.033Z","service":"ucollyx-backend","timestamp":"2026-08-14 13:06:31"}
{"email":"yasirsaleem1183@gmail.com","level":"info","message":"logged in successfully at 2026-08-14T08:06:31.069Z","service":"ucollyx-backend","timestamp":"2026-08-14 13:06:31"}
{"email":"yasirgill678@gmail.com","level":"error","message":"status is pending, ask him to verify through otp","service":"ucollyx-backend","timestamp":"2026-08-14 13:09:27"}
{"email":"yasirgill678@gmail.com","level":"info","message":"attempting to login at 2026-08-14T08:22:51.927Z","service":"ucollyx-backend","timestamp":"2026-08-14 13:22:51"}
{"email":"yasirgill678@gmail.com","level":"info","message":"logged in successfully at 2026-08-14T08:22:51.966Z","service":"ucollyx-backend","timestamp":"2026-08-14 13:22:51"}
{"email":"Apna Startup12","level":"info","message":"Workspace created successfully.","service":"ucollyx-backend","timestamp":"2026-08-14 13:28:42"}
{"email":"hllomr.747819@gmail.com","level":"info","message":"attempting to login at 2026-08-14T09:45:16.796Z","service":"ucollyx-backend","timestamp":"2026-08-14 14:45:16"}
{"email":"hllomr.747819@gmail.com","level":"info","message":"logged in successfully at 2026-08-14T09:45:16.850Z","service":"ucollyx-backend","timestamp":"2026-08-14 14:45:16"}
{"email":"yasirsaleem1183@gmail.com","level":"info","message":"attempting to login at 2026-08-14T12:18:29.235Z","service":"ucollyx-backend","timestamp":"2026-08-14 17:18:29"}
{"email":"yasirsaleem1183@gmail.com","level":"info","message":"logged in successfully at 2026-08-14T12:18:29.309Z","service":"ucollyx-backend","timestamp":"2026-08-14 17:18:29"}
{"email":"yasirgill3637@gmail.com","level":"info","message":"Real Email sent to yasirgill3637@gmail.com","service":"ucollyx-backend","timestamp":"2026-08-15 09:51:31"}
{"email":"yasirgill3637@gmail.com","level":"info","message":"attempting to verify email","service":"ucollyx-backend","timestamp":"2026-08-15 09:52:06"}
{"email":"yasirgill3637@gmail.com","level":"error","message":"OTP has expired.","service":"ucollyx-backend","timestamp":"2026-08-15 09:52:06"}
{"email":"yasirgill3637@gmail.com","level":"info","message":"attempting to verify email","service":"ucollyx-backend","timestamp":"2026-08-15 09:52:09"}
{"email":"yasirgill3637@gmail.com","level":"error","message":"OTP has expired.","service":"ucollyx-backend","timestamp":"2026-08-15 09:52:09"}
{"email":"yasirgill3637@gmail.com","level":"info","message":"attempting to verify email","service":"ucollyx-backend","timestamp":"2026-08-15 09:52:11"}
{"email":"yasirgill3637@gmail.com","level":"error","message":"OTP has expired.","service":"ucollyx-backend","timestamp":"2026-08-15 09:52:11"}
{"email":"yasirgill3637@gmail.com","level":"info","message":"attempting to verify email","service":"ucollyx-backend","timestamp":"2026-08-15 09:52:12"}
{"email":"yasirgill3637@gmail.com","level":"error","message":"OTP has expired.","service":"ucollyx-backend","timestamp":"2026-08-15 09:52:12"}
{"email":"yasirgill3637@gmail.com","level":"info","message":"attempting to verify email","service":"ucollyx-backend","timestamp":"2026-08-15 09:52:53"}
{"email":"yasirgill3637@gmail.com","level":"info","message":"attempting to login at 2026-08-15T04:53:03.573Z","service":"ucollyx-backend","timestamp":"2026-08-15 09:53:03"}
{"email":"yasirgill3637@gmail.com","level":"info","message":"logged in successfully at 2026-08-15T04:53:03.618Z","service":"ucollyx-backend","timestamp":"2026-08-15 09:53:03"}
{"email":"Den Soul","level":"info","message":"Workspace created successfully.","service":"ucollyx-backend","timestamp":"2026-08-15 09:55:49"}
{"email":"yasirgill3637@gmail.com","level":"info","message":"attempting to login at 2026-08-15T04:59:12.301Z","service":"ucollyx-backend","timestamp":"2026-08-15 09:59:12"}
{"email":"yasirgill3637@gmail.com","level":"info","message":"logged in successfully at 2026-08-15T04:59:12.331Z","service":"ucollyx-backend","timestamp":"2026-08-15 09:59:12"}
{"email":"yasirsaleem1183@gmail.com","level":"info","message":"attempting to login at 2026-08-15T07:52:03.742Z","service":"ucollyx-backend","timestamp":"2026-08-15 12:52:03"}
{"email":"yasirsaleem1183@gmail.com","level":"info","message":"logged in successfully at 2026-08-15T07:52:03.759Z","service":"ucollyx-backend","timestamp":"2026-08-15 12:52:03"}
{"email":"yasirgill3637@gmail.com","level":"info","message":"attempting to login at 2026-08-16T05:53:21.016Z","service":"ucollyx-backend","timestamp":"2026-08-16 10:53:21"}
{"email":"yasirgill3637@gmail.com","level":"info","message":"logged in successfully at 2026-08-16T05:53:21.141Z","service":"ucollyx-backend","timestamp":"2026-08-16 10:53:21"}
{"email":"yasirsaleem1183@gmail.com","level":"info","message":"attempting to login at 2026-08-16T06:15:41.062Z","service":"ucollyx-backend","timestamp":"2026-08-16 11:15:41"}
{"email":"yasirsaleem1183@gmail.com","level":"info","message":"logged in successfully at 2026-08-16T06:15:41.078Z","service":"ucollyx-backend","timestamp":"2026-08-16 11:15:41"}
{"level":"error","message":"Someone attempted to login with invalid credentials.","service":"ucollyx-backend","timestamp":"2026-08-16 16:26:04"}
{"email":"yasirsaleem1183@gmail.com","level":"info","message":"attempting to login at 2026-08-16T11:26:11.946Z","service":"ucollyx-backend","timestamp":"2026-08-16 16:26:11"}
{"email":"yasirsaleem1183@gmail.com","level":"info","message":"logged in successfully at 2026-08-16T11:26:12.088Z","service":"ucollyx-backend","timestamp":"2026-08-16 16:26:12"}
{"email":"yasirsaleem1183@gmail.com","level":"info","message":"attempting to login at 2026-08-16T11:30:43.509Z","service":"ucollyx-backend","timestamp":"2026-08-16 16:30:43"}
{"email":"yasirsaleem1183@gmail.com","level":"info","message":"logged in successfully at 2026-08-16T11:30:43.530Z","service":"ucollyx-backend","timestamp":"2026-08-16 16:30:43"}
{"level":"error","message":"Someone attempted to login with invalid credentials.","service":"ucollyx-backend","timestamp":"2026-08-16 16:31:20"}
{"email":"yasirsaleem1183@gmail.com","level":"info","message":"attempting to login at 2026-08-16T11:43:50.803Z","service":"ucollyx-backend","timestamp":"2026-08-16 16:43:50"}
{"email":"yasirsaleem1183@gmail.com","level":"info","message":"logged in successfully at 2026-08-16T11:43:50.823Z","service":"ucollyx-backend","timestamp":"2026-08-16 16:43:50"}
{"email":"yasirsaleem1183@gmail.com","level":"info","message":"attempting to login at 2026-08-16T11:46:22.800Z","service":"ucollyx-backend","timestamp":"2026-08-16 16:46:22"}
{"email":"yasirsaleem1183@gmail.com","level":"info","message":"logged in successfully at 2026-08-16T11:46:22.821Z","service":"ucollyx-backend","timestamp":"2026-08-16 16:46:22"}
{"email":"yasirsaleem11803@gmail.com","level":"info","message":"Real Email sent to yasirsaleem11803@gmail.com","service":"ucollyx-backend","timestamp":"2026-08-16 16:54:25"}
{"email":"yasirsaleem1183@gmail.com","level":"info","message":"attempting to login at 2026-08-17T08:47:55.652Z","service":"ucollyx-backend","timestamp":"2026-08-17 13:47:55"}
{"email":"yasirsaleem1183@gmail.com","level":"info","message":"logged in successfully at 2026-08-17T08:47:55.755Z","service":"ucollyx-backend","timestamp":"2026-08-17 13:47:55"}
{"email":"yasirgill3637@gmail.com","level":"info","message":"Real Email sent to yasirgill3637@gmail.com","service":"ucollyx-backend","timestamp":"2026-08-17 13:53:28"}
{"email":"yasirgill3637@gmail.com","level":"info","message":"attempting to verify email","service":"ucollyx-backend","timestamp":"2026-08-17 13:54:48"}
{"email":"yasirgill3637@gmail.com","level":"info","message":"attempting to login at 2026-08-17T08:55:00.220Z","service":"ucollyx-backend","timestamp":"2026-08-17 13:55:00"}
{"email":"yasirgill3637@gmail.com","level":"info","message":"logged in successfully at 2026-08-17T08:55:00.245Z","service":"ucollyx-backend","timestamp":"2026-08-17 13:55:00"}
{"email":"Acme Development Group","level":"info","message":"Workspace created successfully.","service":"ucollyx-backend","timestamp":"2026-08-17 14:09:04"}
{"email":"yasirgill3637@gmail.com","level":"info","message":"attempting to login at 2026-08-17T09:09:45.185Z","service":"ucollyx-backend","timestamp":"2026-08-17 14:09:45"}
{"email":"yasirgill3637@gmail.com","level":"info","message":"logged in successfully at 2026-08-17T09:09:45.216Z","service":"ucollyx-backend","timestamp":"2026-08-17 14:09:45"}
{"email":"yasirgill678@gmail.com","level":"info","message":"Real Email sent to yasirgill678@gmail.com","service":"ucollyx-backend","timestamp":"2026-08-17 14:11:06"}
{"email":"yasirgill678@gmail.com","level":"info","message":"attempting to verify email","service":"ucollyx-backend","timestamp":"2026-08-17 14:11:35"}
{"email":"yasirgill678@gmail.com","level":"info","message":"attempting to login at 2026-08-17T09:11:45.002Z","service":"ucollyx-backend","timestamp":"2026-08-17 14:11:45"}
{"email":"yasirgill678@gmail.com","level":"info","message":"logged in successfully at 2026-08-17T09:11:45.032Z","service":"ucollyx-backend","timestamp":"2026-08-17 14:11:45"}
{"email":"yasirsaleem1183@gmail.com","level":"info","message":"attempting to login at 2026-08-18T05:28:09.736Z","service":"ucollyx-backend","timestamp":"2026-08-18 10:28:09"}
{"email":"yasirsaleem1183@gmail.com","level":"info","message":"logged in successfully at 2026-08-18T05:28:09.875Z","service":"ucollyx-backend","timestamp":"2026-08-18 10:28:09"}
{"email":"yasirgill3637@gmail.com","level":"info","message":"attempting to login at 2026-08-18T05:32:47.398Z","service":"ucollyx-backend","timestamp":"2026-08-18 10:32:47"}
{"email":"yasirgill3637@gmail.com","level":"info","message":"logged in successfully at 2026-08-18T05:32:47.422Z","service":"ucollyx-backend","timestamp":"2026-08-18 10:32:47"}
{"email":"yasirsaleem1183@gmail.com","level":"info","message":"attempting to login at 2026-08-18T05:33:02.912Z","service":"ucollyx-backend","timestamp":"2026-08-18 10:33:02"}
{"email":"yasirsaleem1183@gmail.com","level":"info","message":"logged in successfully at 2026-08-18T05:33:02.932Z","service":"ucollyx-backend","timestamp":"2026-08-18 10:33:02"}
{"email":"hllomr.747819@gmail.com","level":"info","message":"attempting to login at 2026-08-18T05:33:27.906Z","service":"ucollyx-backend","timestamp":"2026-08-18 10:33:27"}
{"email":"hllomr.747819@gmail.com","level":"info","message":"logged in successfully at 2026-08-18T05:33:27.927Z","service":"ucollyx-backend","timestamp":"2026-08-18 10:33:27"}
{"email":"hllomr.747819@gmail.com","level":"info","message":"attempting to login at 2026-08-19T08:48:15.047Z","service":"ucollyx-backend","timestamp":"2026-08-19 13:48:15"}
{"email":"hllomr.747819@gmail.com","level":"info","message":"logged in successfully at 2026-08-19T08:48:15.164Z","service":"ucollyx-backend","timestamp":"2026-08-19 13:48:15"}
{"email":"yasirsaleem1183@gmail.com","level":"info","message":"attempting to login at 2026-08-20T05:53:39.803Z","service":"ucollyx-backend","timestamp":"2026-08-20 10:53:39"}
{"email":"yasirsaleem1183@gmail.com","level":"info","message":"logged in successfully at 2026-08-20T05:53:39.886Z","service":"ucollyx-backend","timestamp":"2026-08-20 10:53:39"}
{"email":"hllomr.747819@gmail.com","level":"info","message":"attempting to login at 2026-08-20T07:11:12.240Z","service":"ucollyx-backend","timestamp":"2026-08-20 12:11:12"}
{"email":"hllomr.747819@gmail.com","level":"info","message":"logged in successfully at 2026-08-20T07:11:12.281Z","service":"ucollyx-backend","timestamp":"2026-08-20 12:11:12"}
{"email":"yasirsaleem1183@gmail.com","level":"info","message":"attempting to login at 2026-08-20T11:52:17.583Z","service":"ucollyx-backend","timestamp":"2026-08-20 16:52:17"}
{"email":"yasirsaleem1183@gmail.com","level":"info","message":"logged in successfully at 2026-08-20T11:52:17.692Z","service":"ucollyx-backend","timestamp":"2026-08-20 16:52:17"}
{"email":"hllomr.747819@gmail.com","level":"info","message":"attempting to login at 2026-08-20T11:53:48.926Z","service":"ucollyx-backend","timestamp":"2026-08-20 16:53:48"}
{"email":"hllomr.747819@gmail.com","level":"info","message":"logged in successfully at 2026-08-20T11:53:48.947Z","service":"ucollyx-backend","timestamp":"2026-08-20 16:53:48"}
{"email":"yasirsaleem1183@gmail.com","level":"info","message":"attempting to login at 2026-08-20T12:27:48.927Z","service":"ucollyx-backend","timestamp":"2026-08-20 17:27:48"}
{"email":"yasirsaleem1183@gmail.com","level":"info","message":"logged in successfully at 2026-08-20T12:27:48.965Z","service":"ucollyx-backend","timestamp":"2026-08-20 17:27:48"}
{"email":"mry22652@gmail.com","level":"info","message":"attempting to login at 2026-08-20T12:28:54.002Z","service":"ucollyx-backend","timestamp":"2026-08-20 17:28:54"}
{"email":"mry22652@gmail.com","level":"info","message":"logged in successfully at 2026-08-20T12:28:54.020Z","service":"ucollyx-backend","timestamp":"2026-08-20 17:28:54"}
{"email":"hllomr.747819@gmail.com","level":"info","message":"attempting to login at 2026-08-20T12:30:10.152Z","service":"ucollyx-backend","timestamp":"2026-08-20 17:30:10"}
{"email":"hllomr.747819@gmail.com","level":"info","message":"logged in successfully at 2026-08-20T12:30:10.173Z","service":"ucollyx-backend","timestamp":"2026-08-20 17:30:10"}
{"email":"yasirsaleem1183@gmail.com","level":"info","message":"attempting to login at 2026-08-21T07:55:18.890Z","service":"ucollyx-backend","timestamp":"2026-08-21 12:55:18"}
{"email":"yasirsaleem1183@gmail.com","level":"info","message":"logged in successfully at 2026-08-21T07:55:18.971Z","service":"ucollyx-backend","timestamp":"2026-08-21 12:55:18"}
{"email":"hllomr.747819@gmail.com","level":"info","message":"attempting to login at 2026-08-21T07:56:18.123Z","service":"ucollyx-backend","timestamp":"2026-08-21 12:56:18"}
{"email":"hllomr.747819@gmail.com","level":"info","message":"logged in successfully at 2026-08-21T07:56:18.140Z","service":"ucollyx-backend","timestamp":"2026-08-21 12:56:18"}
{"email":"yasirsaleem1183@gmail.com","level":"info","message":"attempting to login at 2026-08-21T08:24:11.027Z","service":"ucollyx-backend","timestamp":"2026-08-21 13:24:11"}
{"email":"yasirsaleem1183@gmail.com","level":"info","message":"logged in successfully at 2026-08-21T08:24:11.059Z","service":"ucollyx-backend","timestamp":"2026-08-21 13:24:11"}
{"email":"mry22652@gmail.com","level":"info","message":"attempting to login at 2026-08-21T08:24:57.545Z","service":"ucollyx-backend","timestamp":"2026-08-21 13:24:57"}
{"email":"mry22652@gmail.com","level":"info","message":"logged in successfully at 2026-08-21T08:24:57.573Z","service":"ucollyx-backend","timestamp":"2026-08-21 13:24:57"}
{"email":"yasirsaleem1183@gmail.com","level":"info","message":"attempting to login at 2026-08-21T10:25:15.499Z","service":"ucollyx-backend","timestamp":"2026-08-21 15:25:15"}
{"email":"yasirsaleem1183@gmail.com","level":"info","message":"logged in successfully at 2026-08-21T10:25:15.533Z","service":"ucollyx-backend","timestamp":"2026-08-21 15:25:15"}
{"email":"hllomr.747819@gmail.com","level":"info","message":"attempting to login at 2026-08-21T10:26:46.541Z","service":"ucollyx-backend","timestamp":"2026-08-21 15:26:46"}
{"email":"hllomr.747819@gmail.com","level":"info","message":"logged in successfully at 2026-08-21T10:26:46.576Z","service":"ucollyx-backend","timestamp":"2026-08-21 15:26:46"}
{"email":"yasirsaleem1183@gmail.com","level":"info","message":"attempting to login at 2026-08-22T07:52:44.530Z","service":"ucollyx-backend","timestamp":"2026-08-22 12:52:44"}
{"email":"yasirsaleem1183@gmail.com","level":"info","message":"logged in successfully at 2026-08-22T07:52:44.599Z","service":"ucollyx-backend","timestamp":"2026-08-22 12:52:44"}
{"email":"hllomr.747819@gmail.com","level":"info","message":"attempting to login at 2026-08-22T07:55:45.446Z","service":"ucollyx-backend","timestamp":"2026-08-22 12:55:45"}
{"email":"hllomr.747819@gmail.com","level":"info","message":"logged in successfully at 2026-08-22T07:55:45.465Z","service":"ucollyx-backend","timestamp":"2026-08-22 12:55:45"}
{"email":"yasirsaleem1183@gmail.com","level":"info","message":"attempting to login at 2026-08-22T08:55:18.196Z","service":"ucollyx-backend","timestamp":"2026-08-22 13:55:18"}
{"email":"yasirsaleem1183@gmail.com","level":"info","message":"logged in successfully at 2026-08-22T08:55:18.262Z","service":"ucollyx-backend","timestamp":"2026-08-22 13:55:18"}
{"email":"hllomr.747819@gmail.com","level":"info","message":"attempting to login at 2026-08-22T10:16:56.968Z","service":"ucollyx-backend","timestamp":"2026-08-22 15:16:56"}
{"email":"hllomr.747819@gmail.com","level":"info","message":"logged in successfully at 2026-08-22T10:16:57.056Z","service":"ucollyx-backend","timestamp":"2026-08-22 15:16:57"}
{"email":"yasirsaleem1183@gmail.com","level":"info","message":"attempting to login at 2026-08-22T10:17:10.095Z","service":"ucollyx-backend","timestamp":"2026-08-22 15:17:10"}
{"email":"yasirsaleem1183@gmail.com","level":"info","message":"logged in successfully at 2026-08-22T10:17:10.115Z","service":"ucollyx-backend","timestamp":"2026-08-22 15:17:10"}
{"email":"hllomr.747819@gmail.com","level":"info","message":"attempting to login at 2026-08-23T10:12:07.826Z","service":"ucollyx-backend","timestamp":"2026-08-23 15:12:07"}
{"email":"hllomr.747819@gmail.com","level":"info","message":"logged in successfully at 2026-08-23T10:12:07.937Z","service":"ucollyx-backend","timestamp":"2026-08-23 15:12:07"}
{"email":"yasirsaleem1183@gmail.com","level":"info","message":"attempting to login at 2026-08-23T10:15:37.388Z","service":"ucollyx-backend","timestamp":"2026-08-23 15:15:37"}
{"email":"yasirsaleem1183@gmail.com","level":"info","message":"logged in successfully at 2026-08-23T10:15:37.405Z","service":"ucollyx-backend","timestamp":"2026-08-23 15:15:37"}
{"email":"yasirsaleem1183@gmail.com","level":"info","message":"attempting to login at 2026-08-25T08:30:40.403Z","service":"ucollyx-backend","timestamp":"2026-08-25 13:30:40"}
{"email":"yasirsaleem1183@gmail.com","level":"info","message":"logged in successfully at 2026-08-25T08:30:40.610Z","service":"ucollyx-backend","timestamp":"2026-08-25 13:30:40"}
